******************************************************************************
                  TI ARM Linker PC v18.1.4                     
******************************************************************************
>> Linked Wed Aug 21 21:22:16 2019

OUTPUT FILE NAME:   <ADXL345_another_attempt.out>
ENTRY POINT SYMBOL: "_c_int00_noargs"  address: 00000e71


MEMORY CONFIGURATION

         name            origin    length      used     unused   attr    fill
----------------------  --------  ---------  --------  --------  ----  --------
  FLASH                 00000000   00040000  00001148  0003eeb8  R  X
  SRAM                  20000000   00008000  00000205  00007dfb  RW X


SEGMENT ALLOCATION MAP

run origin  load origin   length   init length attrs members
----------  ----------- ---------- ----------- ----- -------
00000000    00000000    00001148   00001148    r-x
  00000000    00000000    0000026c   0000026c    r-- .intvecs
  0000026c    0000026c    00000d98   00000d98    r-x .text
  00001004    00001004    0000012c   0000012c    r-- .const
  00001130    00001130    00000018   00000018    r-- .cinit
20000000    20000000    00000205   00000000    rw-
  20000000    20000000    00000200   00000000    rw- .stack
  20000200    20000200    00000005   00000000    rw- .data


SECTION ALLOCATION MAP

 output                                  attributes/
section   page    origin      length       input sections
--------  ----  ----------  ----------   ----------------
.intvecs   0    00000000    0000026c     
                  00000000    0000026c     tm4c123gh6pm_startup_ccs.obj (.intvecs)

.text      0    0000026c    00000d98     
                  0000026c    00000564     main.obj (.text)
                  000007d0    00000132     driverlib.lib : gpio.obj (.text:GPIOPadConfigSet)
                  00000902    00000002     rtsv7M4_T_le_v4SPD16_eabi.lib : div0.asm.obj (.text)
                  00000904    00000110     driverlib.lib : sysctl.obj (.text:SysCtlClockGet)
                  00000a14    000000f4                   : sysctl.obj (.text:SysCtlClockSet)
                  00000b08    000000a4     TIVA_spi.obj (.text)
                  00000bac    0000009c     rtsv7M4_T_le_v4SPD16_eabi.lib : memcpy_t2.asm.obj (.text)
                  00000c48    00000068                                   : copy_decompress_lzss.c.obj (.text:decompress:lzss:__TI_decompress_lzss)
                  00000cb0    00000048     driverlib.lib : gpio.obj (.text:GPIOPinConfigure)
                  00000cf8    00000046                   : uart.obj (.text:UARTConfigSetExpClk)
                  00000d3e    00000002     --HOLE-- [fill = 0]
                  00000d40    00000044     rtsv7M4_T_le_v4SPD16_eabi.lib : autoinit.c.obj (.text:__TI_auto_init_nobinit_nopinit:__TI_auto_init_nobinit_nopinit)
                  00000d84    00000040                                   : u_divt2.asm.obj (.text)
                  00000dc4    0000003c     driverlib.lib : ssi.obj (.text:SSIConfigSetExpClk)
                  00000e00    00000038                   : sysctl.obj (.text:SysCtlPeripheralPresent)
                  00000e38    00000038                   : sysctl.obj (.text:SysCtlPeripheralReady)
                  00000e70    00000038     rtsv7M4_T_le_v4SPD16_eabi.lib : boot_cortex_m.c.obj (.text:_c_int00_noargs:_c_int00_noargs)
                  00000ea8    00000034     driverlib.lib : sysctl.obj (.text:SysCtlPeripheralEnable)
                  00000edc    0000002a                   : gpio.obj (.text:GPIODirModeSet)
                  00000f06    00000002     --HOLE-- [fill = 0]
                  00000f08    00000020                   : uart.obj (.text:UARTDisable)
                  00000f28    00000018                   : gpio.obj (.text:GPIOPinTypeGPIOOutput)
                  00000f40    00000014                   : uart.obj (.text:UARTEnable)
                  00000f54    00000012                   : gpio.obj (.text:GPIOPinTypeSSI)
                  00000f66    00000012                   : gpio.obj (.text:GPIOPinTypeUART)
                  00000f78    00000012                   : ssi.obj (.text:SSIDataGetNonBlocking)
                  00000f8a    0000000e     rtsv7M4_T_le_v4SPD16_eabi.lib : copy_decompress_none.c.obj (.text:decompress:none:__TI_decompress_none)
                  00000f98    0000000c     driverlib.lib : ssi.obj (.text:SSIDataGet)
                  00000fa4    0000000c     tm4c123gh6pm_startup_ccs.obj (.text)
                  00000fb0    0000000a     driverlib.lib : ssi.obj (.text:SSIDataPut)
                  00000fba    0000000a                   : ssi.obj (.text:SSIDisable)
                  00000fc4    0000000a                   : ssi.obj (.text:SSIEnable)
                  00000fce    0000000a                   : uart.obj (.text:UARTCharGet)
                  00000fd8    0000000a                   : uart.obj (.text:UARTCharPut)
                  00000fe2    00000008                   : ssi.obj (.text:SSIBusy)
                  00000fea    00000006                   : gpio.obj (.text:GPIOPinWrite)
                  00000ff0    00000006                   : sysctl.obj (.text:SysCtlDelay)
                  00000ff6    00000006                   : uart.obj (.text:UARTClockSourceSet)
                  00000ffc    00000004     rtsv7M4_T_le_v4SPD16_eabi.lib : pre_init.c.obj (.text:_system_pre_init)
                  00001000    00000004                                   : exit.c.obj (.text:abort:abort)

.const     0    00001004    0000012c     
                  00001004    00000090     driverlib.lib : gpio.obj (.const:g_pui32GPIOBaseAddrs)
                  00001094    0000006c                   : sysctl.obj (.const:g_pui32Xtals)
                  00001100    00000012     main.obj (.const:.string)
                  00001112    00000002     --HOLE-- [fill = 0]
                  00001114    0000000c     main.obj (.const:g_ui32UARTBase)
                  00001120    0000000c     main.obj (.const:g_ui32UARTPeriph)
                  0000112c    00000004     main.obj (.const)

.cinit     0    00001130    00000018     
                  00001130    00000008     (__TI_handler_table)
                  00001138    00000007     (.cinit..data.load) [load image, compression = lzss]
                  0000113f    00000001     --HOLE-- [fill = 0]
                  00001140    00000008     (__TI_cinit_table)

.init_array 
*          0    00000000    00000000     UNINITIALIZED

.data      0    20000200    00000005     UNINITIALIZED
                  20000200    00000005     main.obj (.data)

.stack     0    20000000    00000200     UNINITIALIZED
                  20000000    00000004     rtsv7M4_T_le_v4SPD16_eabi.lib : boot_cortex_m.c.obj (.stack)
                  20000004    000001fc     --HOLE--

MODULE SUMMARY

       Module                         code   ro data   rw data
       ------                         ----   -------   -------
    .\
       main.obj                       1380   46        5      
       tm4c123gh6pm_startup_ccs.obj   12     620       0      
       TIVA_spi.obj                   164    0         0      
    +--+------------------------------+------+---------+---------+
       Total:                         1556   666       5      
                                                              
    C:/ti/TivaWare_C_Series-2.1.4.178/tivaware_c_series_2_1_4_178/driverlib/ccs/Debug/driverlib.lib
       sysctl.obj                     686    108       0      
       gpio.obj                       486    144       0      
       uart.obj                       148    0         0      
       ssi.obj                        128    0         0      
    +--+------------------------------+------+---------+---------+
       Total:                         1448   252       0      
                                                              
    C:\ti\ccsv8\tools\compiler\ti-cgt-arm_18.1.4.LTS\lib\rtsv7M4_T_le_v4SPD16_eabi.lib
       memcpy_t2.asm.obj              156    0         0      
       copy_decompress_lzss.c.obj     104    0         0      
       autoinit.c.obj                 68     0         0      
       u_divt2.asm.obj                64     0         0      
       boot_cortex_m.c.obj            56     0         0      
       copy_decompress_none.c.obj     14     0         0      
       exit.c.obj                     4      0         0      
       pre_init.c.obj                 4      0         0      
       div0.asm.obj                   2      0         0      
    +--+------------------------------+------+---------+---------+
       Total:                         472    0         0      
                                                              
       Stack:                         0      0         512    
       Linker Generated:              0      23        0      
    +--+------------------------------+------+---------+---------+
       Grand Total:                   3476   941       517    


LINKER GENERATED COPY TABLES

__TI_cinit_table @ 00001140 records: 1, size/record: 8, table size: 8
	.data: load addr=00001138, load size=00000007 bytes, run addr=20000200, run size=00000005 bytes, compression=lzss


LINKER GENERATED HANDLER TABLE

__TI_handler_table @ 00001130 records: 2, size/record: 4, table size: 8
	index: 0, handler: __TI_decompress_lzss
	index: 1, handler: __TI_decompress_none


GLOBAL SYMBOLS: SORTED ALPHABETICALLY BY Name 

address   name                          
-------   ----                          
00001001  C$$EXIT                       
00000edd  GPIODirModeSet                
000007d1  GPIOPadConfigSet              
00000cb1  GPIOPinConfigure              
00000f29  GPIOPinTypeGPIOOutput         
00000f55  GPIOPinTypeSSI                
00000f67  GPIOPinTypeUART               
00000feb  GPIOPinWrite                  
000006f7  InitConsole                   
00000fa5  ResetISR                      
00000fe3  SSIBusy                       
00000dc5  SSIConfigSetExpClk            
00000f99  SSIDataGet                    
00000f79  SSIDataGetNonBlocking         
00000fb1  SSIDataPut                    
00000fbb  SSIDisable                    
00000fc5  SSIEnable                     
00000905  SysCtlClockGet                
00000a15  SysCtlClockSet                
00000ff1  SysCtlDelay                   
00000ea9  SysCtlPeripheralEnable        
00000e01  SysCtlPeripheralPresent       
00000e39  SysCtlPeripheralReady         
00000fcf  UARTCharGet                   
00000fd9  UARTCharPut                   
00000ff7  UARTClockSourceSet            
00000cf9  UARTConfigSetExpClk           
00000f09  UARTDisable                   
00000f41  UARTEnable                    
0000026d  UARTStdioConfig               
000003b3  UARTgetc                      
000002f9  UARTgets                      
000006d3  UARTprintf                    
000003d9  UARTvprintf                   
000002b3  UARTwrite                     
20000200  __STACK_END                   
00000200  __STACK_SIZE                  
20000200  __STACK_TOP                   
00001140  __TI_CINIT_Base               
00001148  __TI_CINIT_Limit              
00001130  __TI_Handler_Table_Base       
00001138  __TI_Handler_Table_Limit      
00000d41  __TI_auto_init_nobinit_nopinit
00000c49  __TI_decompress_lzss          
00000f8b  __TI_decompress_none          
ffffffff  __TI_pprof_out_hndl           
ffffffff  __TI_prof_data_size           
ffffffff  __TI_prof_data_start          
00000000  __TI_static_base__            
00000903  __aeabi_idiv0                 
00000903  __aeabi_ldiv0                 
00000bad  __aeabi_memcpy                
00000bad  __aeabi_memcpy4               
00000bad  __aeabi_memcpy8               
00000d85  __aeabi_uidiv                 
00000d85  __aeabi_uidivmod              
ffffffff  __binit__                     
ffffffff  __c_args__                    
UNDEFED   __mpu_init                    
20000000  __stack                       
00000e71  _c_int00_noargs               
UNDEFED   _system_post_cinit            
00000ffd  _system_pre_init              
00001001  abort                         
ffffffff  binit                         
00000000  g_pfnVectors                  
00000b09  initSPI3                      
00000733  main                          
00000bad  memcpy                        


GLOBAL SYMBOLS: SORTED BY Symbol Address 

address   name                          
-------   ----                          
00000000  __TI_static_base__            
00000000  g_pfnVectors                  
00000200  __STACK_SIZE                  
0000026d  UARTStdioConfig               
000002b3  UARTwrite                     
000002f9  UARTgets                      
000003b3  UARTgetc                      
000003d9  UARTvprintf                   
000006d3  UARTprintf                    
000006f7  InitConsole                   
00000733  main                          
000007d1  GPIOPadConfigSet              
00000903  __aeabi_idiv0                 
00000903  __aeabi_ldiv0                 
00000905  SysCtlClockGet                
00000a15  SysCtlClockSet                
00000b09  initSPI3                      
00000bad  __aeabi_memcpy                
00000bad  __aeabi_memcpy4               
00000bad  __aeabi_memcpy8               
00000bad  memcpy                        
00000c49  __TI_decompress_lzss          
00000cb1  GPIOPinConfigure              
00000cf9  UARTConfigSetExpClk           
00000d41  __TI_auto_init_nobinit_nopinit
00000d85  __aeabi_uidiv                 
00000d85  __aeabi_uidivmod              
00000dc5  SSIConfigSetExpClk            
00000e01  SysCtlPeripheralPresent       
00000e39  SysCtlPeripheralReady         
00000e71  _c_int00_noargs               
00000ea9  SysCtlPeripheralEnable        
00000edd  GPIODirModeSet                
00000f09  UARTDisable                   
00000f29  GPIOPinTypeGPIOOutput         
00000f41  UARTEnable                    
00000f55  GPIOPinTypeSSI                
00000f67  GPIOPinTypeUART               
00000f79  SSIDataGetNonBlocking         
00000f8b  __TI_decompress_none          
00000f99  SSIDataGet                    
00000fa5  ResetISR                      
00000fb1  SSIDataPut                    
00000fbb  SSIDisable                    
00000fc5  SSIEnable                     
00000fcf  UARTCharGet                   
00000fd9  UARTCharPut                   
00000fe3  SSIBusy                       
00000feb  GPIOPinWrite                  
00000ff1  SysCtlDelay                   
00000ff7  UARTClockSourceSet            
00000ffd  _system_pre_init              
00001001  C$$EXIT                       
00001001  abort                         
00001130  __TI_Handler_Table_Base       
00001138  __TI_Handler_Table_Limit      
00001140  __TI_CINIT_Base               
00001148  __TI_CINIT_Limit              
20000000  __stack                       
20000200  __STACK_END                   
20000200  __STACK_TOP                   
ffffffff  __TI_pprof_out_hndl           
ffffffff  __TI_prof_data_size           
ffffffff  __TI_prof_data_start          
ffffffff  __binit__                     
ffffffff  __c_args__                    
ffffffff  binit                         
UNDEFED   __mpu_init                    
UNDEFED   _system_post_cinit            

[69 symbols]
